../Core/Src/xnucleoihm02a1_interface.c:110:6:SystemClock_Config	88	static
../Core/Src/xnucleoihm02a1_interface.c:143:6:MX_GPIO_Init	8	static
../Core/Src/xnucleoihm02a1_interface.c:162:6:MX_SPI_Init	8	static
../Core/Src/xnucleoihm02a1_interface.c:185:6:MX_SPI1_Init	24	static
../Core/Src/xnucleoihm02a1_interface.c:282:6:MX_SPI2_Init	24	static
../Core/Src/xnucleoihm02a1_interface.c:377:6:MX_USART2_Init	8	static
../Core/Src/xnucleoihm02a1_interface.c:395:6:MX_ADC1_Init	32	static
../Core/Src/xnucleoihm02a1_interface.c:439:6:NUCLEO_Board_Init	8	static
../Core/Src/xnucleoihm02a1_interface.c:471:6:User_LED_Blinking	24	static
