../Drivers/STM32F4xx_HAL_Driver/Src/stm32f4xx_hal_flash.c:175:19:HAL_FLASH_Program	32	static
../Drivers/STM32F4xx_HAL_Driver/Src/stm32f4xx_hal_flash.c:233:19:HAL_FLASH_Program_IT	32	static
../Drivers/STM32F4xx_HAL_Driver/Src/stm32f4xx_hal_flash.c:280:6:HAL_FLASH_IRQHandler	16	static
../Drivers/STM32F4xx_HAL_Driver/Src/stm32f4xx_hal_flash.c:398:13:HAL_FLASH_EndOfOperationCallback	16	static
../Drivers/STM32F4xx_HAL_Driver/Src/stm32f4xx_hal_flash.c:413:13:HAL_FLASH_OperationErrorCallback	16	static
../Drivers/STM32F4xx_HAL_Driver/Src/stm32f4xx_hal_flash.c:443:19:HAL_FLASH_Unlock	4	static
../Drivers/STM32F4xx_HAL_Driver/Src/stm32f4xx_hal_flash.c:463:19:HAL_FLASH_Lock	4	static
../Drivers/STM32F4xx_HAL_Driver/Src/stm32f4xx_hal_flash.c:475:19:HAL_FLASH_OB_Unlock	4	static
../Drivers/STM32F4xx_HAL_Driver/Src/stm32f4xx_hal_flash.c:495:19:HAL_FLASH_OB_Lock	4	static
../Drivers/STM32F4xx_HAL_Driver/Src/stm32f4xx_hal_flash.c:507:19:HAL_FLASH_OB_Launch	8	static
../Drivers/STM32F4xx_HAL_Driver/Src/stm32f4xx_hal_flash.c:544:10:HAL_FLASH_GetError	4	static
../Drivers/STM32F4xx_HAL_Driver/Src/stm32f4xx_hal_flash.c:558:19:FLASH_WaitForLastOperation	24	static
../Drivers/STM32F4xx_HAL_Driver/Src/stm32f4xx_hal_flash.c:614:13:FLASH_Program_DoubleWord	24	static
../Drivers/STM32F4xx_HAL_Driver/Src/stm32f4xx_hal_flash.c:640:13:FLASH_Program_Word	16	static
../Drivers/STM32F4xx_HAL_Driver/Src/stm32f4xx_hal_flash.c:665:13:FLASH_Program_HalfWord	16	static
../Drivers/STM32F4xx_HAL_Driver/Src/stm32f4xx_hal_flash.c:690:13:FLASH_Program_Byte	16	static
../Drivers/STM32F4xx_HAL_Driver/Src/stm32f4xx_hal_flash.c:707:13:FLASH_SetErrorCode	4	static
