../Core/Src/example_usart.c:147:12:USART_SplitTextString	24	static
../Core/Src/example_usart.c:258:12:USART_CheckTextCommandBundle	40	static
../Core/Src/example_usart.c:761:11:USART_DecodeTextString	40	static
../Core/Src/example_usart.c:862:12:CompareTwoTextString	24	static
../Core/Src/example_usart.c:887:12:str2num	32	static
../Core/Src/example_usart.c:929:6:USART_TxWelcomeMessage	8	static
../Core/Src/example_usart.c:949:6:USART_Transmit	24	static
../Core/Src/example_usart.c:966:6:USART_CheckAppCmd	8	static
../Core/Src/example_usart.c:988:6:USART_ITCharManager	24	static
../Core/Src/example_usart.c:1026:6:USART_PrintRegisterValues	24	static
../Core/Src/example_usart.c:1057:6:USART_PrintAllRegisterValues	16	static
../Core/Src/example_usart.c:1077:6:Fill_L6470_DaisyChainMnemonic	16	static
../Core/Src/example_usart.c:1115:6:num2str	32	static
../Core/Src/example_usart.c:1154:10:num2hex	24	static
