18:09:09 **** Incremental Build of configuration Debug for project Thesis_Project ****
make -j8 all 
arm-none-eabi-gcc "../Core/Src/l6474.c" -mcpu=cortex-m4 -std=gnu11 -g3 -DDEBUG -DUSE_HAL_DRIVER -DSTM32F401xE -c -I../Core/Inc -I../Drivers/STM32F4xx_HAL_Driver/Inc -I../Drivers/STM32F4xx_HAL_Driver/Inc/Legacy -I../Drivers/CMSIS/Device/ST/STM32F4xx/Include -I../Drivers/CMSIS/Include -O0 -ffunction-sections -fdata-sections -Wall -fstack-usage -fcyclomatic-complexity -MMD -MP -MF"Core/Src/l6474.d" -MT"Core/Src/l6474.o" --specs=nano.specs -mfpu=fpv4-sp-d16 -mfloat-abi=hard -mthumb -o "Core/Src/l6474.o"
arm-none-eabi-gcc -o "Thesis_Project.elf" @"objects.list"   -mcpu=cortex-m4 -T"C:\Users\jake-\Documents\GitHub\Thesis\Thesis_Project\STM32F401RETX_FLASH.ld" --specs=nosys.specs -Wl,-Map="Thesis_Project.map" -Wl,--gc-sections -static --specs=nano.specs -mfpu=fpv4-sp-d16 -mfloat-abi=hard -mthumb -Wl,--start-group -lc -lm -Wl,--end-group
Finished building target: Thesis_Project.elf
 
arm-none-eabi-size  Thesis_Project.elf 
arm-none-eabi-objdump -h -S Thesis_Project.elf  > "Thesis_Project.list"
   text	   data	    bss	    dec	    hex	filename
  18644	    168	   2136	  20948	   51d4	Thesis_Project.elf
Finished building: default.size.stdout
 
Finished building: Thesis_Project.list
 

18:09:10 Build Finished. 0 errors, 0 warnings. (took 1s.163ms)

